[debug] [2026-06-02T05:32:32.455Z] ----------------------------------------------------------------------
[debug] [2026-06-02T05:32:32.481Z] Command:       /data/data/com.termux/files/usr/bin/node /data/data/com.termux/files/usr/bin/firebase deploy
[debug] [2026-06-02T05:32:32.483Z] CLI Version:   15.19.0
[debug] [2026-06-02T05:32:32.484Z] Platform:      android
[debug] [2026-06-02T05:32:32.484Z] Node Version:  v26.2.0
[debug] [2026-06-02T05:32:32.485Z] Time:          Tue Jun 02 2026 00:32:32 GMT-0500 (Colombia Standard Time)
[debug] [2026-06-02T05:32:32.486Z] ----------------------------------------------------------------------
[debug] 
[debug] [2026-06-02T05:32:41.623Z] > command requires scopes: ["email","openid","https://www.googleapis.com/auth/cloudplatformprojects.readonly","https://www.googleapis.com/auth/firebase","https://www.googleapis.com/auth/cloud-platform"]
[debug] [2026-06-02T05:32:41.626Z] > authorizing via signed-in user (shefa.veraja.570@gmail.com)
[debug] [2026-06-02T05:32:41.628Z] [iam] checking project shefa-plus-global for permissions ["firebase.projects.get","firebasehosting.sites.update"]
[debug] [2026-06-02T05:32:41.636Z] Checked if tokens are valid: false, expires at: 1780370026715
[debug] [2026-06-02T05:32:41.638Z] Checked if tokens are valid: false, expires at: 1780370026715
[debug] [2026-06-02T05:32:41.641Z] > refreshing access token with scopes: []
[debug] [2026-06-02T05:32:41.663Z] >>> [apiv2][query] POST https://www.googleapis.com/oauth2/v3/token [none]
[debug] [2026-06-02T05:32:41.664Z] >>> [apiv2][body] POST https://www.googleapis.com/oauth2/v3/token [omitted]
[debug] [2026-06-02T05:32:41.858Z] *** [apiv2] error from fetch(https://www.googleapis.com/oauth2/v3/token, {"headers":{},"method":"POST","body":{"_overheadLength":545,"_valueLength":212,"_valuesToMeasure":[],"writable":false,"readable":true,"dataSize":0,"maxDataSize":2097152,"pauseStreams":true,"_released":true,"_streams":[],"_currentStream":null,"_insideLoop":false,"_pendingNext":false,"_boundary":"--------------------------2729743bf2f9e99fa6f21546","_events":{},"_eventsCount":1}}): FetchError: request to https://www.googleapis.com/oauth2/v3/token failed, reason: getaddrinfo ENOTFOUND www.googleapis.com
[error] Authentication Error: Your credentials are no longer valid. Please run firebase login --reauth

For CI servers and headless environments, generate a new token with firebase login:ci
[debug] [2026-06-02T05:32:41.874Z] [iam] error while checking permissions, command may fail: Authentication Error: Your credentials are no longer valid. Please run firebase login --reauth

For CI servers and headless environments, generate a new token with firebase login:ci
[debug] [2026-06-02T05:32:41.880Z] Checked if tokens are valid: false, expires at: 1780370026715
[debug] [2026-06-02T05:32:41.881Z] Checked if tokens are valid: false, expires at: 1780370026715
[debug] [2026-06-02T05:32:41.882Z] > refreshing access token with scopes: []
[debug] [2026-06-02T05:32:41.884Z] >>> [apiv2][query] POST https://www.googleapis.com/oauth2/v3/token [none]
[debug] [2026-06-02T05:32:41.884Z] >>> [apiv2][body] POST https://www.googleapis.com/oauth2/v3/token [omitted]
[debug] [2026-06-02T05:32:41.914Z] *** [apiv2] error from fetch(https://www.googleapis.com/oauth2/v3/token, {"headers":{},"method":"POST","body":{"_overheadLength":545,"_valueLength":212,"_valuesToMeasure":[],"writable":false,"readable":true,"dataSize":0,"maxDataSize":2097152,"pauseStreams":true,"_released":true,"_streams":[],"_currentStream":null,"_insideLoop":false,"_pendingNext":false,"_boundary":"--------------------------c4065d473e3e41fa43e91cd2","_events":{},"_eventsCount":1}}): FetchError: request to https://www.googleapis.com/oauth2/v3/token failed, reason: getaddrinfo ENOTFOUND www.googleapis.com
[error] Authentication Error: Your credentials are no longer valid. Please run firebase login --reauth

For CI servers and headless environments, generate a new token with firebase login:ci
[debug] [2026-06-02T05:32:41.917Z] Authentication Error: Your credentials are no longer valid. Please run firebase login --reauth

For CI servers and headless environments, generate a new token with firebase login:ci
[error] 
[error] Error: Assertion failed: resolving hosting target of a site with no site name or target name. This should have caused an error earlier
